[36mvite v8.0.0 [32mbuilding client environment for production...[36m[39m
[2K
transforming...Γ£ô 40 modules transformed.
node.exe : [31mΓ£ù[39m Build 
failed in 2.34s
At D:\Node\npx.ps1:29 char:3
+   & $NODE_EXE $NPX_CLI_JS $args
+   ~~~~~~~~~~~~~~~~~~~~~~~~~~~~~
    + CategoryInfo          : Not 
   Specified: ([31mΓ£ù[39m Bui  
  ld failed in 2.34s:String) []   
 , RemoteException
    + FullyQualifiedErrorId : Nat 
   iveCommandError
 
[31merror during build:
[31mBuild failed with 1 error:

[31m[UNRESOLVED_IMPORT] 
Error:[0m Could not resolve 
'./WomenDay2024Card.css' in src/pa
ges/WomenDay2024Card/index.tsx
   [38;5;246mΓò¡[0m[38;5;246mΓö
Ç[0m[38;5;246m[[0m src/pages/Wo
menDay2024Card/index.tsx:4:8 
[38;5;246m][0m
   [38;5;246mΓöé[0m
 [38;5;246m4 Γöé[0m [38;5;249mi
[0m[38;5;249mm[0m[38;5;249mp[
0m[38;5;249mo[0m[38;5;249mr[0m
[38;5;249mt[0m[38;5;249m [0m".
/WomenDay2024Card.css"[38;5;249m;
[0m
 [38;5;240m  Γöé[0m        ΓöÇΓö
ÇΓöÇΓöÇΓöÇΓöÇΓöÇΓöÇΓöÇΓöÇΓöÇΓöÇΓö¼
ΓöÇΓöÇΓöÇΓöÇΓöÇΓöÇΓöÇΓöÇΓöÇΓöÇΓöÇ 
 
 [38;5;240m  Γöé[0m             
       Γò░ΓöÇΓöÇΓöÇΓöÇΓöÇΓöÇΓöÇΓöÇ
ΓöÇΓöÇΓöÇΓöÇΓöÇ Module not found.
 [38;5;240m  Γöé[0m 
 [38;5;240m  Γöé[0m 
[38;5;115mHelp[0m: 'src/pages/Wo
menDay2024Card/index.tsx' is 
imported by the following path:
 [38;5;240m  Γöé[0m         - sr
c/pages/WomenDay2024Card/index.tsx
 [38;5;240m  Γöé[0m         - 
src/App.tsx
 [38;5;240m  Γöé[0m         - 
src/main.tsx
 [38;5;240m  Γöé[0m         - 
index.html
[38;5;246mΓöÇΓöÇΓöÇΓò»[0m
[31m
    at 
aggregateBindingErrorsIntoJsError 
(file:///D:/hoc%20web/love/web_tay
_vs_lan/node_modules/rolldown/dist
/shared/error-CP8smW_P.mjs:48:18)
    at unwrapBindingResult (file:/
//D:/hoc%20web/love/web_tay_vs_lan
/node_modules/rolldown/dist/shared
/error-CP8smW_P.mjs:18:128)
    at #build (file:///D:/hoc%20we
b/love/web_tay_vs_lan/node_modules
/rolldown/dist/shared/rolldown-bui
ld-4YnQkA76.mjs:3311:34)
    at async buildEnvironment (fil
e:///D:/hoc%20web/love/web_tay_vs_
lan/node_modules/vite/dist/node/ch
unks/node.js:32794:64)
    at async Object.build (file://
/D:/hoc%20web/love/web_tay_vs_lan/
node_modules/vite/dist/node/chunks
/node.js:33216:19)
    at async Object.buildApp (file
:///D:/hoc%20web/love/web_tay_vs_l
an/node_modules/vite/dist/node/chu
nks/node.js:33213:153)
    at async CAC.<anonymous> (file
:///D:/hoc%20web/love/web_tay_vs_l
an/node_modules/vite/dist/node/cli
.js:778:3) {
  errors: [Getter/Setter]
}[39m
